// Jest Snapshot v1, https://goo.gl/fbAQLP

exports[`<ListPrices/> ListPrices component renders with given state from Redux Store 1`] = `
Array [
  <div
    className="row"
  >
    <div
      className="col-12"
    >
      <button
        className="btn btn-sm btn-success"
        onClick={[Function]}
      >
        Show Favorites
      </button>
    </div>
  </div>,
  <table
    className="table"
  >
    <thead>
      <tr>
        <th
          scope="col"
        >
          Name
        </th>
        <th
          scope="col"
        >
          Net
        </th>
        <th
          scope="col"
        >
          Tax
        </th>
        <th
          scope="col"
        >
          Gross
        </th>
        <th
          scope="col"
        />
      </tr>
    </thead>
    <div>
      Oops! Something went wrong while listing records.
    </div>
  </table>,
]
`;

exports[`<ListPrices/> ListPrices component renders with given store 1`] = `
Array [
  <div
    className="row"
  >
    <div
      className="col-12"
    >
      <button
        className="btn btn-sm btn-success"
        onClick={[Function]}
      >
        Show Favorites
      </button>
    </div>
  </div>,
  <table
    className="table"
  >
    <thead>
      <tr>
        <th
          scope="col"
        >
          Name
        </th>
        <th
          scope="col"
        >
          Net
        </th>
        <th
          scope="col"
        >
          Tax
        </th>
        <th
          scope="col"
        >
          Gross
        </th>
        <th
          scope="col"
        />
      </tr>
    </thead>
    <div>
      Oops! Something went wrong while listing records.
    </div>
  </table>,
]
`;
